// Jest Snapshot v1, https://goo.gl/fbAQLP

exports[`Button Component matches snapshot 1`] = `
<DocumentFragment>
  <button
    class="rounded-lg cursor-pointer px-5 py-2 shadow-lg hover:opacity-70 bg-primary text-white"
  >
    Button
  </button>
</DocumentFragment>
`;
